test_1000_real_dispatcher_state_sequences_with_resources_and_rearm (tests.test_action_dispatcher.DispatcherTests.test_1000_real_dispatcher_state_sequences_with_resources_and_rearm) ... Timeout (0:00:08)!
Thread 0x00007aa14bfff6c0 (most recent call first):
  File "/usr/lib/python3.12/threading.py", line 359 in wait
  File "/home/sssxy/Projects/AstrbotEX/astrbot_ex/core/plugin_actor.py", line 347 in _next_invocation
  File "/home/sssxy/Projects/AstrbotEX/astrbot_ex/core/plugin_actor.py", line 305 in _run
  File "/usr/lib/python3.12/threading.py", line 1010 in run
  File "/usr/lib/python3.12/threading.py", line 1073 in _bootstrap_inner
  File "/usr/lib/python3.12/threading.py", line 1030 in _bootstrap

Thread 0x00007aa168ff96c0 (most recent call first):
  File "/usr/lib/python3.12/threading.py", line 359 in wait
  File "/usr/lib/python3.12/threading.py", line 655 in wait
  File "/home/sssxy/Projects/AstrbotEX/tests/test_action_dispatcher.py", line 44 in _physical_watch
  File "/usr/lib/python3.12/threading.py", line 1010 in run
  File "/usr/lib/python3.12/threading.py", line 1073 in _bootstrap_inner
  File "/usr/lib/python3.12/threading.py", line 1030 in _bootstrap

Thread 0x00007aa1697fa6c0 (most recent call first):
  File "/usr/lib/python3.12/threading.py", line 359 in wait
  File "/home/sssxy/Projects/AstrbotEX/astrbot_ex/core/plugin_actor.py", line 347 in _next_invocation
  File "/home/sssxy/Projects/AstrbotEX/astrbot_ex/core/plugin_actor.py", line 305 in _run
  File "/usr/lib/python3.12/threading.py", line 1010 in run
  File "/usr/lib/python3.12/threading.py", line 1073 in _bootstrap_inner
  File "/usr/lib/python3.12/threading.py", line 1030 in _bootstrap

Thread 0x00007aa169ffb6c0 (most recent call first):
  File "/usr/lib/python3.12/threading.py", line 359 in wait
  File "/usr/lib/python3.12/threading.py", line 655 in wait
  File "/home/sssxy/Projects/AstrbotEX/tests/test_action_dispatcher.py", line 44 in _physical_watch
  File "/usr/lib/python3.12/threading.py", line 1010 in run
  File "/usr/lib/python3.12/threading.py", line 1073 in _bootstrap_inner
  File "/usr/lib/python3.12/threading.py", line 1030 in _bootstrap

Thread 0x00007aa16a7fc6c0 (most recent call first):
  File "/usr/lib/python3.12/threading.py", line 359 in wait
  File "/usr/lib/python3.12/threading.py", line 655 in wait
  File "/home/sssxy/Projects/AstrbotEX/astrbot_ex/core/actions/dispatcher.py", line 827 in _watch
  File "/usr/lib/python3.12/threading.py", line 1010 in run
  File "/usr/lib/python3.12/threading.py", line 1073 in _bootstrap_inner
  File "/usr/lib/python3.12/threading.py", line 1030 in _bootstrap

Thread 0x00007aa16affd6c0 (most recent call first):
  File "/usr/lib/python3.12/threading.py", line 355 in wait
  File "/usr/lib/python3.12/concurrent/futures/_base.py", line 451 in result
  File "/home/sssxy/Projects/AstrbotEX/astrbot_ex/core/actions/dispatcher.py", line 802 in review
  File "/home/sssxy/Projects/AstrbotEX/astrbot_ex/core/actions/dispatcher.py", line 884 in _work
  File "/usr/lib/python3.12/threading.py", line 1010 in run
  File "/usr/lib/python3.12/threading.py", line 1073 in _bootstrap_inner
  File "/usr/lib/python3.12/threading.py", line 1030 in _bootstrap

Thread 0x00007aa16b7fe6c0 (most recent call first):
  File "/usr/lib/python3.12/threading.py", line 359 in wait
  File "/usr/lib/python3.12/queue.py", line 180 in get
  File "/home/sssxy/Projects/AstrbotEX/astrbot_ex/core/actions/dispatcher.py", line 173 in _notify_stop
  File "/usr/lib/python3.12/threading.py", line 1010 in run
  File "/usr/lib/python3.12/threading.py", line 1073 in _bootstrap_inner
  File "/usr/lib/python3.12/threading.py", line 1030 in _bootstrap

Thread 0x00007aa16bfff6c0 (most recent call first):
  File "/home/sssxy/Projects/AstrbotEX/astrbot_ex/core/actions/ledger.py", line 277 in _snapshot
  File "/home/sssxy/Projects/AstrbotEX/astrbot_ex/core/actions/ledger.py", line 506 in <genexpr>
  File "/home/sssxy/Projects/AstrbotEX/astrbot_ex/core/actions/ledger.py", line 506 in work
  File "/home/sssxy/Projects/AstrbotEX/astrbot_ex/core/actions/ledger.py", line 157 in _run
  File "/usr/lib/python3.12/threading.py", line 1010 in run
  File "/usr/lib/python3.12/threading.py", line 1073 in _bootstrap_inner
  File "/usr/lib/python3.12/threading.py", line 1030 in _bootstrap

Thread 0x00007aa171d75080 (most recent call first):
  File "/usr/lib/python3.12/threading.py", line 359 in wait
  File "/usr/lib/python3.12/concurrent/futures/_base.py", line 451 in result
  File "/home/sssxy/Projects/AstrbotEX/tests/test_action_dispatcher.py", line 604 in test_1000_real_dispatcher_state_sequences_with_resources_and_rearm
  File "/usr/lib/python3.12/unittest/case.py", line 589 in _callTestMethod
  File "/usr/lib/python3.12/unittest/case.py", line 634 in run
  File "/usr/lib/python3.12/unittest/case.py", line 690 in __call__
  File "/usr/lib/python3.12/unittest/suite.py", line 122 in run
  File "/usr/lib/python3.12/unittest/suite.py", line 84 in __call__
  File "/usr/lib/python3.12/unittest/runner.py", line 240 in run
  File "<stdin>", line 4 in <module>
ERROR
Timeout (0:00:08)!
Thread 0x00007aa14bfff6c0 (most recent call first):
  File "/usr/lib/python3.12/threading.py", line 359 in wait
  File "/home/sssxy/Projects/AstrbotEX/astrbot_ex/core/plugin_actor.py", line 347 in _next_invocation
  File "/home/sssxy/Projects/AstrbotEX/astrbot_ex/core/plugin_actor.py", line 305 in _run
  File "/usr/lib/python3.12/threading.py", line 1010 in run
  File "/usr/lib/python3.12/threading.py", line 1073 in _bootstrap_inner
  File "/usr/lib/python3.12/threading.py", line 1030 in _bootstrap

Thread 0x00007aa168ff96c0 (most recent call first):
  File "/usr/lib/python3.12/threading.py", line 359 in wait
  File "/usr/lib/python3.12/threading.py", line 655 in wait
  File "/home/sssxy/Projects/AstrbotEX/tests/test_action_dispatcher.py", line 44 in _physical_watch
  File "/usr/lib/python3.12/threading.py", line 1010 in run
  File "/usr/lib/python3.12/threading.py", line 1073 in _bootstrap_inner
  File "/usr/lib/python3.12/threading.py", line 1030 in _bootstrap

Thread 0x00007aa1697fa6c0 (most recent call first):
  File "/usr/lib/python3.12/threading.py", line 359 in wait
  File "/home/sssxy/Projects/AstrbotEX/astrbot_ex/core/plugin_actor.py", line 347 in _next_invocation
  File "/home/sssxy/Projects/AstrbotEX/astrbot_ex/core/plugin_actor.py", line 305 in _run
  File "/usr/lib/python3.12/threading.py", line 1010 in run
  File "/usr/lib/python3.12/threading.py", line 1073 in _bootstrap_inner
  File "/usr/lib/python3.12/threading.py", line 1030 in _bootstrap

Thread 0x00007aa169ffb6c0 (most recent call first):
  File "/usr/lib/python3.12/threading.py", line 359 in wait
  File "/usr/lib/python3.12/threading.py", line 655 in wait
  File "/home/sssxy/Projects/AstrbotEX/tests/test_action_dispatcher.py", line 44 in _physical_watch
  File "/usr/lib/python3.12/threading.py", line 1010 in run
  File "/usr/lib/python3.12/threading.py", line 1073 in _bootstrap_inner
  File "/usr/lib/python3.12/threading.py", line 1030 in _bootstrap

Thread 0x00007aa16affd6c0 (most recent call first):
  File "/usr/lib/python3.12/threading.py", line 355 in wait
  File "/usr/lib/python3.12/concurrent/futures/_base.py", line 451 in result
  File "/home/sssxy/Projects/AstrbotEX/astrbot_ex/core/actions/dispatcher.py", line 554 in _persist
  File "/home/sssxy/Projects/AstrbotEX/astrbot_ex/core/actions/dispatcher.py", line 641 in _handle_actor
  File "/home/sssxy/Projects/AstrbotEX/astrbot_ex/core/actions/dispatcher.py", line 604 in <lambda>
  File "/home/sssxy/Projects/AstrbotEX/astrbot_ex/core/actions/dispatcher.py", line 884 in _work
  File "/usr/lib/python3.12/threading.py", line 1010 in run
  File "/usr/lib/python3.12/threading.py", line 1073 in _bootstrap_inner
  File "/usr/lib/python3.12/threading.py", line 1030 in _bootstrap

Thread 0x00007aa16bfff6c0 (most recent call first):
  File "/home/sssxy/Projects/AstrbotEX/astrbot_ex/core/actions/ledger.py", line 435 in work
  File "/home/sssxy/Projects/AstrbotEX/astrbot_ex/core/actions/ledger.py", line 157 in _run
  File "/usr/lib/python3.12/threading.py", line 1010 in run
  File "/usr/lib/python3.12/threading.py", line 1073 in _bootstrap_inner
  File "/usr/lib/python3.12/threading.py", line 1030 in _bootstrap

Thread 0x00007aa171d75080 (most recent call first):
  File "/usr/lib/python3.12/threading.py", line 1167 in _wait_for_tstate_lock
  File "/usr/lib/python3.12/threading.py", line 1151 in join
  File "/home/sssxy/Projects/AstrbotEX/astrbot_ex/core/actions/dispatcher.py", line 902 in close
  File "/home/sssxy/Projects/AstrbotEX/tests/test_action_dispatcher.py", line 113 in close
  File "/usr/lib/python3.12/unittest/case.py", line 597 in _callCleanup
  File "/usr/lib/python3.12/unittest/case.py", line 671 in doCleanups
  File "/usr/lib/python3.12/unittest/case.py", line 638 in run
  File "/usr/lib/python3.12/unittest/case.py", line 690 in __call__
  File "/usr/lib/python3.12/unittest/suite.py", line 122 in run
  File "/usr/lib/python3.12/unittest/suite.py", line 84 in __call__
  File "/usr/lib/python3.12/unittest/runner.py", line 240 in run
  File "<stdin>", line 4 in <module>
test_1000_real_dispatcher_state_sequences_with_resources_and_rearm (tests.test_action_dispatcher.DispatcherTests.test_1000_real_dispatcher_state_sequences_with_resources_and_rearm) ... ERROR

======================================================================
ERROR: test_1000_real_dispatcher_state_sequences_with_resources_and_rearm (tests.test_action_dispatcher.DispatcherTests.test_1000_real_dispatcher_state_sequences_with_resources_and_rearm)
----------------------------------------------------------------------
Traceback (most recent call last):
  File "/home/sssxy/Projects/AstrbotEX/tests/test_action_dispatcher.py", line 540, in test_1000_real_dispatcher_state_sequences_with_resources_and_rearm
    snapshot = self.wait_status(cid, ActionStatus.ACCEPTED, 15)
               ^^^^^^^^^^^^^^^^^^^^^^^^^^^^^^^^^^^^^^^^^^^^^^^^
  File "/home/sssxy/Projects/AstrbotEX/tests/test_action_dispatcher.py", line 149, in wait_status
    snapshot = self.dispatcher.query(cid).result(2)
               ^^^^^^^^^^^^^^^^^^^^^^^^^^^^^^^^^^^^
  File "/usr/lib/python3.12/concurrent/futures/_base.py", line 458, in result
    raise TimeoutError()
TimeoutError

======================================================================
ERROR: test_1000_real_dispatcher_state_sequences_with_resources_and_rearm (tests.test_action_dispatcher.DispatcherTests.test_1000_real_dispatcher_state_sequences_with_resources_and_rearm)
----------------------------------------------------------------------
Traceback (most recent call last):
  File "/home/sssxy/Projects/AstrbotEX/tests/test_action_dispatcher.py", line 113, in close
    self.dispatcher.close()
  File "/home/sssxy/Projects/AstrbotEX/astrbot_ex/core/actions/dispatcher.py", line 906, in close
    raise TimeoutError("dispatcher did not drain")
TimeoutError: dispatcher did not drain

----------------------------------------------------------------------
Ran 1 test in 19.151s

FAILED (errors=2)
