test_1000_real_dispatcher_state_sequences_with_resources_and_rearm (tests.test_action_dispatcher.DispatcherTests.test_1000_real_dispatcher_state_sequences_with_resources_and_rearm) ... Timeout (0:00:08)!
Thread 0x00007ff9437fe6c0 (most recent call first):
  File "/usr/lib/python3.12/threading.py", line 359 in wait
  File "/home/sssxy/Projects/AstrbotEX/astrbot_ex/core/plugin_actor.py", line 347 in _next_invocation
  File "/home/sssxy/Projects/AstrbotEX/astrbot_ex/core/plugin_actor.py", line 305 in _run
  File "/usr/lib/python3.12/threading.py", line 1010 in run
  File "/usr/lib/python3.12/threading.py", line 1073 in _bootstrap_inner
  File "/usr/lib/python3.12/threading.py", line 1030 in _bootstrap

Thread 0x00007ff943fff6c0 (most recent call first):
  File "/usr/lib/python3.12/threading.py", line 359 in wait
  File "/usr/lib/python3.12/threading.py", line 655 in wait
  File "/home/sssxy/Projects/AstrbotEX/tests/test_action_dispatcher.py", line 44 in _physical_watch
  File "/usr/lib/python3.12/threading.py", line 1010 in run
  File "/usr/lib/python3.12/threading.py", line 1073 in _bootstrap_inner
  File "/usr/lib/python3.12/threading.py", line 1030 in _bootstrap

Thread 0x00007ff960b416c0 (most recent call first):
  File "/usr/lib/python3.12/threading.py", line 359 in wait
  File "/home/sssxy/Projects/AstrbotEX/astrbot_ex/core/plugin_actor.py", line 347 in _next_invocation
  File "/home/sssxy/Projects/AstrbotEX/astrbot_ex/core/plugin_actor.py", line 305 in _run
  File "/usr/lib/python3.12/threading.py", line 1010 in run
  File "/usr/lib/python3.12/threading.py", line 1073 in _bootstrap_inner
  File "/usr/lib/python3.12/threading.py", line 1030 in _bootstrap

Thread 0x00007ff9613426c0 (most recent call first):
  File "/usr/lib/python3.12/threading.py", line 359 in wait
  File "/usr/lib/python3.12/threading.py", line 655 in wait
  File "/home/sssxy/Projects/AstrbotEX/tests/test_action_dispatcher.py", line 44 in _physical_watch
  File "/usr/lib/python3.12/threading.py", line 1010 in run
  File "/usr/lib/python3.12/threading.py", line 1073 in _bootstrap_inner
  File "/usr/lib/python3.12/threading.py", line 1030 in _bootstrap

Thread 0x00007ff961b436c0 (most recent call first):
  File "/usr/lib/python3.12/threading.py", line 359 in wait
  File "/usr/lib/python3.12/threading.py", line 655 in wait
  File "/home/sssxy/Projects/AstrbotEX/astrbot_ex/core/actions/dispatcher.py", line 827 in _watch
  File "/usr/lib/python3.12/threading.py", line 1010 in run
  File "/usr/lib/python3.12/threading.py", line 1073 in _bootstrap_inner
  File "/usr/lib/python3.12/threading.py", line 1030 in _bootstrap

Thread 0x00007ff9623446c0 (most recent call first):
  File "/usr/lib/python3.12/threading.py", line 355 in wait
  File "/usr/lib/python3.12/concurrent/futures/_base.py", line 451 in result
  File "/home/sssxy/Projects/AstrbotEX/astrbot_ex/core/actions/dispatcher.py", line 458 in _start
  File "/home/sssxy/Projects/AstrbotEX/astrbot_ex/core/actions/dispatcher.py", line 431 in <lambda>
  File "/home/sssxy/Projects/AstrbotEX/astrbot_ex/core/actions/dispatcher.py", line 884 in _work
  File "/usr/lib/python3.12/threading.py", line 1010 in run
  File "/usr/lib/python3.12/threading.py", line 1073 in _bootstrap_inner
  File "/usr/lib/python3.12/threading.py", line 1030 in _bootstrap

Thread 0x00007ff962b456c0 (most recent call first):
  File "/usr/lib/python3.12/threading.py", line 359 in wait
  File "/usr/lib/python3.12/queue.py", line 180 in get
  File "/home/sssxy/Projects/AstrbotEX/astrbot_ex/core/actions/dispatcher.py", line 173 in _notify_stop
  File "/usr/lib/python3.12/threading.py", line 1010 in run
  File "/usr/lib/python3.12/threading.py", line 1073 in _bootstrap_inner
  File "/usr/lib/python3.12/threading.py", line 1030 in _bootstrap

Thread 0x00007ff9633466c0 (most recent call first):
  File "/home/sssxy/Projects/AstrbotEX/astrbot_ex/core/actions/ledger.py", line 382 in work
  File "/home/sssxy/Projects/AstrbotEX/astrbot_ex/core/actions/ledger.py", line 157 in _run
  File "/usr/lib/python3.12/threading.py", line 1010 in run
  File "/usr/lib/python3.12/threading.py", line 1073 in _bootstrap_inner
  File "/usr/lib/python3.12/threading.py", line 1030 in _bootstrap

Thread 0x00007ff964e5f080 (most recent call first):
  File "/usr/lib/python3.12/threading.py", line 359 in wait
  File "/usr/lib/python3.12/concurrent/futures/_base.py", line 451 in result
  File "/home/sssxy/Projects/AstrbotEX/tests/test_action_dispatcher.py", line 539 in test_1000_real_dispatcher_state_sequences_with_resources_and_rearm
  File "/usr/lib/python3.12/unittest/case.py", line 589 in _callTestMethod
  File "/usr/lib/python3.12/unittest/case.py", line 634 in run
  File "/usr/lib/python3.12/unittest/case.py", line 690 in __call__
  File "/usr/lib/python3.12/unittest/suite.py", line 122 in run
  File "/usr/lib/python3.12/unittest/suite.py", line 84 in __call__
  File "/usr/lib/python3.12/unittest/runner.py", line 240 in run
  File "<stdin>", line 4 in <module>
Timeout (0:00:08)!
Thread 0x00007ff9437fe6c0 (most recent call first):
  File "/usr/lib/python3.12/threading.py", line 359 in wait
  File "/home/sssxy/Projects/AstrbotEX/astrbot_ex/core/plugin_actor.py", line 347 in _next_invocation
  File "/home/sssxy/Projects/AstrbotEX/astrbot_ex/core/plugin_actor.py", line 305 in _run
  File "/usr/lib/python3.12/threading.py", line 1010 in run
  File "/usr/lib/python3.12/threading.py", line 1073 in _bootstrap_inner
  File "/usr/lib/python3.12/threading.py", line 1030 in _bootstrap

Thread 0x00007ff943fff6c0 (most recent call first):
  File "/usr/lib/python3.12/threading.py", line 359 in wait
  File "/usr/lib/python3.12/threading.py", line 655 in wait
  File "/home/sssxy/Projects/AstrbotEX/tests/test_action_dispatcher.py", line 44 in _physical_watch
  File "/usr/lib/python3.12/threading.py", line 1010 in run
  File "/usr/lib/python3.12/threading.py", line 1073 in _bootstrap_inner
  File "/usr/lib/python3.12/threading.py", line 1030 in _bootstrap

Thread 0x00007ff960b416c0 (most recent call first):
  File "/usr/lib/python3.12/threading.py", line 359 in wait
  File "/home/sssxy/Projects/AstrbotEX/astrbot_ex/core/plugin_actor.py", line 347 in _next_invocation
  File "/home/sssxy/Projects/AstrbotEX/astrbot_ex/core/plugin_actor.py", line 305 in _run
  File "/usr/lib/python3.12/threading.py", line 1010 in run
  File "/usr/lib/python3.12/threading.py", line 1073 in _bootstrap_inner
  File "/usr/lib/python3.12/threading.py", line 1030 in _bootstrap

Thread 0x00007ff9613426c0 (most recent call first):
  File "/usr/lib/python3.12/threading.py", line 359 in wait
  File "/usr/lib/python3.12/threading.py", line 655 in wait
  File "/home/sssxy/Projects/AstrbotEX/tests/test_action_dispatcher.py", line 44 in _physical_watch
  File "/usr/lib/python3.12/threading.py", line 1010 in run
  File "/usr/lib/python3.12/threading.py", line 1073 in _bootstrap_inner
  File "/usr/lib/python3.12/threading.py", line 1030 in _bootstrap

Thread 0x00007ff961b436c0 (most recent call first):
  File "/usr/lib/python3.12/threading.py", line 359 in wait
  File "/usr/lib/python3.12/threading.py", line 655 in wait
  File "/home/sssxy/Projects/AstrbotEX/astrbot_ex/core/actions/dispatcher.py", line 827 in _watch
  File "/usr/lib/python3.12/threading.py", line 1010 in run
  File "/usr/lib/python3.12/threading.py", line 1073 in _bootstrap_inner
  File "/usr/lib/python3.12/threading.py", line 1030 in _bootstrap

Thread 0x00007ff9623446c0 (most recent call first):
  File "/usr/lib/python3.12/threading.py", line 355 in wait
  File "/usr/lib/python3.12/concurrent/futures/_base.py", line 451 in result
  File "/home/sssxy/Projects/AstrbotEX/astrbot_ex/core/actions/dispatcher.py", line 458 in _start
  File "/home/sssxy/Projects/AstrbotEX/astrbot_ex/core/actions/dispatcher.py", line 431 in <lambda>
  File "/home/sssxy/Projects/AstrbotEX/astrbot_ex/core/actions/dispatcher.py", line 884 in _work
  File "/usr/lib/python3.12/threading.py", line 1010 in run
  File "/usr/lib/python3.12/threading.py", line 1073 in _bootstrap_inner
  File "/usr/lib/python3.12/threading.py", line 1030 in _bootstrap

Thread 0x00007ff962b456c0 (most recent call first):
  File "/usr/lib/python3.12/threading.py", line 359 in wait
  File "/usr/lib/python3.12/queue.py", line 180 in get
  File "/home/sssxy/Projects/AstrbotEX/astrbot_ex/core/actions/dispatcher.py", line 173 in _notify_stop
  File "/usr/lib/python3.12/threading.py", line 1010 in run
  File "/usr/lib/python3.12/threading.py", line 1073 in _bootstrap_inner
  File "/usr/lib/python3.12/threading.py", line 1030 in _bootstrap

Thread 0x00007ff9633466c0 (most recent call first):
  File "/home/sssxy/Projects/AstrbotEX/astrbot_ex/core/actions/ledger.py", line 382 in work
  File "/home/sssxy/Projects/AstrbotEX/astrbot_ex/core/actions/ledger.py", line 157 in _run
  File "/usr/lib/python3.12/threading.py", line 1010 in run
  File "/usr/lib/python3.12/threading.py", line 1073 in _bootstrap_inner
  File "/usr/lib/python3.12/threading.py", line 1030 in _bootstrap

Thread 0x00007ff964e5f080 (most recent call first):
  File "/usr/lib/python3.12/threading.py", line 359 in wait
  File "/usr/lib/python3.12/concurrent/futures/_base.py", line 451 in result
  File "/home/sssxy/Projects/AstrbotEX/tests/test_action_dispatcher.py", line 539 in test_1000_real_dispatcher_state_sequences_with_resources_and_rearm
  File "/usr/lib/python3.12/unittest/case.py", line 589 in _callTestMethod
  File "/usr/lib/python3.12/unittest/case.py", line 634 in run
  File "/usr/lib/python3.12/unittest/case.py", line 690 in __call__
  File "/usr/lib/python3.12/unittest/suite.py", line 122 in run
  File "/usr/lib/python3.12/unittest/suite.py", line 84 in __call__
  File "/usr/lib/python3.12/unittest/runner.py", line 240 in run
  File "<stdin>", line 4 in <module>
ERROR
test_1000_real_dispatcher_state_sequences_with_resources_and_rearm (tests.test_action_dispatcher.DispatcherTests.test_1000_real_dispatcher_state_sequences_with_resources_and_rearm) ... ERROR

======================================================================
ERROR: test_1000_real_dispatcher_state_sequences_with_resources_and_rearm (tests.test_action_dispatcher.DispatcherTests.test_1000_real_dispatcher_state_sequences_with_resources_and_rearm)
----------------------------------------------------------------------
Traceback (most recent call last):
  File "/home/sssxy/Projects/AstrbotEX/tests/test_action_dispatcher.py", line 539, in test_1000_real_dispatcher_state_sequences_with_resources_and_rearm
    self.dispatcher.start(raw).result(15)
  File "/usr/lib/python3.12/concurrent/futures/_base.py", line 458, in result
    raise TimeoutError()
TimeoutError

======================================================================
ERROR: test_1000_real_dispatcher_state_sequences_with_resources_and_rearm (tests.test_action_dispatcher.DispatcherTests.test_1000_real_dispatcher_state_sequences_with_resources_and_rearm)
----------------------------------------------------------------------
Traceback (most recent call last):
  File "/home/sssxy/Projects/AstrbotEX/tests/test_action_dispatcher.py", line 113, in close
    self.dispatcher.close()
  File "/home/sssxy/Projects/AstrbotEX/astrbot_ex/core/actions/dispatcher.py", line 906, in close
    raise TimeoutError("dispatcher did not drain")
TimeoutError: dispatcher did not drain

----------------------------------------------------------------------
Ran 1 test in 21.410s

FAILED (errors=2)
