IMPORTED_SOURCE_HASHES {"astrbot_ex/__init__.py": "bb1c88eb05d679fe6be186fcf3005ee63e5acf247ece541272c1c43a8e4beb46", "astrbot_ex/core/__init__.py": "c1aafcb7aa4da6479516cbe1da850eef89394d9e37f22a32e2516069bb400e42", "astrbot_ex/core/actions/__init__.py": "9a009b5761a3ea8fc95db7d1dc7fbe06a23f8bea09f7207642d2f33002cbe15b", "astrbot_ex/core/actions/dispatcher.py": "b01e2601773a3941bb102e33866ddb41826e5f05817f43a209739ea6078dacd5", "astrbot_ex/core/actions/ledger.py": "fde56b709205d38e9abee65e675c1a51465a3cae8c6e68d8184d06bbeeab11f8", "astrbot_ex/core/actions/models.py": "e962444be2db007f28b8499b0221e41b9f16b3e9751968c2002cd889886ae6af", "astrbot_ex/core/plugin_actor.py": "2a7b03f68b9d0efc0daa03813eff3cf4b90f76bfba813b9f365aeeecb18125be", "tests/__init__.py": "f0bfbb0332c51708257dc11632252cbed7619c73d260cecbbd91b1fceabc3e84", "tests/test_action_dispatcher.py": "418c4802d22e4e5bd61d973b6a22f481494359b80806fc5ec5de58d48cbcf690"}
test_1000_real_dispatcher_state_sequences_with_resources_and_rearm (tests.test_action_dispatcher.DispatcherTests.test_1000_real_dispatcher_state_sequences_with_resources_and_rearm) ... SLOW_COMMIT 0.7148554240011435
Timeout (0:00:08)!
Thread 0x000074dd077fe6c0 (most recent call first):
  File "/usr/lib/python3.12/threading.py", line 359 in wait
  File "/tmp/astrex_integration_20261002/upstream-baseline/astrbot_ex/core/plugin_actor.py", line 347 in _next_invocation
  File "/tmp/astrex_integration_20261002/upstream-baseline/astrbot_ex/core/plugin_actor.py", line 305 in _run
  File "/usr/lib/python3.12/threading.py", line 1010 in run
  File "/usr/lib/python3.12/threading.py", line 1073 in _bootstrap_inner
  File "/usr/lib/python3.12/threading.py", line 1030 in _bootstrap

Thread 0x000074dd07fff6c0 (most recent call first):
  File "/usr/lib/python3.12/threading.py", line 359 in wait
  File "/usr/lib/python3.12/threading.py", line 655 in wait
  File "/tmp/astrex_integration_20261002/upstream-baseline/tests/test_action_dispatcher.py", line 44 in _physical_watch
  File "/usr/lib/python3.12/threading.py", line 1010 in run
  File "/usr/lib/python3.12/threading.py", line 1073 in _bootstrap_inner
  File "/usr/lib/python3.12/threading.py", line 1030 in _bootstrap

Thread 0x000074dd24c456c0 (most recent call first):
  File "/usr/lib/python3.12/threading.py", line 359 in wait
  File "/tmp/astrex_integration_20261002/upstream-baseline/astrbot_ex/core/plugin_actor.py", line 347 in _next_invocation
  File "/tmp/astrex_integration_20261002/upstream-baseline/astrbot_ex/core/plugin_actor.py", line 305 in _run
  File "/usr/lib/python3.12/threading.py", line 1010 in run
  File "/usr/lib/python3.12/threading.py", line 1073 in _bootstrap_inner
  File "/usr/lib/python3.12/threading.py", line 1030 in _bootstrap

Thread 0x000074dd254466c0 (most recent call first):
  File "/usr/lib/python3.12/threading.py", line 359 in wait
  File "/usr/lib/python3.12/threading.py", line 655 in wait
  File "/tmp/astrex_integration_20261002/upstream-baseline/tests/test_action_dispatcher.py", line 44 in _physical_watch
  File "/usr/lib/python3.12/threading.py", line 1010 in run
  File "/usr/lib/python3.12/threading.py", line 1073 in _bootstrap_inner
  File "/usr/lib/python3.12/threading.py", line 1030 in _bootstrap

Thread 0x000074dd25c476c0 (most recent call first):
  File "/usr/lib/python3.12/threading.py", line 359 in wait
  File "/usr/lib/python3.12/threading.py", line 655 in wait
  File "/tmp/astrex_integration_20261002/upstream-baseline/astrbot_ex/core/actions/dispatcher.py", line 827 in _watch
  File "/usr/lib/python3.12/threading.py", line 1010 in run
  File "/usr/lib/python3.12/threading.py", line 1073 in _bootstrap_inner
  File "/usr/lib/python3.12/threading.py", line 1030 in _bootstrap

Thread 0x000074dd264486c0 (most recent call first):
  File "/usr/lib/python3.12/threading.py", line 355 in wait
  File "/usr/lib/python3.12/concurrent/futures/_base.py", line 451 in result
  File "/tmp/astrex_integration_20261002/upstream-baseline/astrbot_ex/core/actions/dispatcher.py", line 554 in _persist
  File "/tmp/astrex_integration_20261002/upstream-baseline/astrbot_ex/core/actions/dispatcher.py", line 689 in _plugin_report
  File "/tmp/astrex_integration_20261002/upstream-baseline/astrbot_ex/core/actions/dispatcher.py", line 678 in <lambda>
  File "/tmp/astrex_integration_20261002/upstream-baseline/astrbot_ex/core/actions/dispatcher.py", line 884 in _work
  File "/usr/lib/python3.12/threading.py", line 1010 in run
  File "/usr/lib/python3.12/threading.py", line 1073 in _bootstrap_inner
  File "/usr/lib/python3.12/threading.py", line 1030 in _bootstrap

Thread 0x000074dd26c496c0 (most recent call first):
  File "/usr/lib/python3.12/threading.py", line 359 in wait
  File "/usr/lib/python3.12/queue.py", line 180 in get
  File "/tmp/astrex_integration_20261002/upstream-baseline/astrbot_ex/core/actions/dispatcher.py", line 173 in _notify_stop
  File "/usr/lib/python3.12/threading.py", line 1010 in run
  File "/usr/lib/python3.12/threading.py", line 1073 in _bootstrap_inner
  File "/usr/lib/python3.12/threading.py", line 1030 in _bootstrap

Thread 0x000074dd2744a6c0 (most recent call first):
  File "/tmp/astrex_integration_20261002/fuzz_diagnostic.py", line 8 in commit
  File "/tmp/astrex_integration_20261002/upstream-baseline/astrbot_ex/core/actions/ledger.py", line 435 in work
  File "/tmp/astrex_integration_20261002/upstream-baseline/astrbot_ex/core/actions/ledger.py", line 157 in _run
  File "/usr/lib/python3.12/threading.py", line 1010 in run
  File "/usr/lib/python3.12/threading.py", line 1073 in _bootstrap_inner
  File "/usr/lib/python3.12/threading.py", line 1030 in _bootstrap

Thread 0x000074dd2948f080 (most recent call first):
  File "/usr/lib/python3.12/threading.py", line 359 in wait
  File "/usr/lib/python3.12/concurrent/futures/_base.py", line 451 in result
  File "/tmp/astrex_integration_20261002/upstream-baseline/tests/test_action_dispatcher.py", line 557 in test_1000_real_dispatcher_state_sequences_with_resources_and_rearm
  File "/usr/lib/python3.12/unittest/case.py", line 589 in _callTestMethod
  File "/usr/lib/python3.12/unittest/case.py", line 634 in run
  File "/usr/lib/python3.12/unittest/case.py", line 690 in __call__
  File "/usr/lib/python3.12/unittest/suite.py", line 122 in run
  File "/usr/lib/python3.12/unittest/suite.py", line 84 in __call__
  File "/usr/lib/python3.12/unittest/runner.py", line 240 in run
  File "/tmp/astrex_integration_20261002/fuzz_diagnostic.py", line 23 in <module>
ERROR
Timeout (0:00:08)!
Thread 0x000074dd077fe6c0 (most recent call first):
  File "/usr/lib/python3.12/threading.py", line 359 in wait
  File "/tmp/astrex_integration_20261002/upstream-baseline/astrbot_ex/core/plugin_actor.py", line 347 in _next_invocation
  File "/tmp/astrex_integration_20261002/upstream-baseline/astrbot_ex/core/plugin_actor.py", line 305 in _run
  File "/usr/lib/python3.12/threading.py", line 1010 in run
  File "/usr/lib/python3.12/threading.py", line 1073 in _bootstrap_inner
  File "/usr/lib/python3.12/threading.py", line 1030 in _bootstrap

Thread 0x000074dd07fff6c0 (most recent call first):
  File "/usr/lib/python3.12/threading.py", line 359 in wait
  File "/usr/lib/python3.12/threading.py", line 655 in wait
  File "/tmp/astrex_integration_20261002/upstream-baseline/tests/test_action_dispatcher.py", line 44 in _physical_watch
  File "/usr/lib/python3.12/threading.py", line 1010 in run
  File "/usr/lib/python3.12/threading.py", line 1073 in _bootstrap_inner
  File "/usr/lib/python3.12/threading.py", line 1030 in _bootstrap

Thread 0x000074dd24c456c0 (most recent call first):
  File "/usr/lib/python3.12/threading.py", line 359 in wait
  File "/tmp/astrex_integration_20261002/upstream-baseline/astrbot_ex/core/plugin_actor.py", line 347 in _next_invocation
  File "/tmp/astrex_integration_20261002/upstream-baseline/astrbot_ex/core/plugin_actor.py", line 305 in _run
  File "/usr/lib/python3.12/threading.py", line 1010 in run
  File "/usr/lib/python3.12/threading.py", line 1073 in _bootstrap_inner
  File "/usr/lib/python3.12/threading.py", line 1030 in _bootstrap

Thread 0x000074dd254466c0 (most recent call first):
  File "/usr/lib/python3.12/threading.py", line 359 in wait
  File "/usr/lib/python3.12/threading.py", line 655 in wait
  File "/tmp/astrex_integration_20261002/upstream-baseline/tests/test_action_dispatcher.py", line 44 in _physical_watch
  File "/usr/lib/python3.12/threading.py", line 1010 in run
  File "/usr/lib/python3.12/threading.py", line 1073 in _bootstrap_inner
  File "/usr/lib/python3.12/threading.py", line 1030 in _bootstrap

Thread 0x000074dd264486c0 (most recent call first):
  File "/usr/lib/python3.12/threading.py", line 355 in wait
  File "/usr/lib/python3.12/concurrent/futures/_base.py", line 451 in result
  File "/tmp/astrex_integration_20261002/upstream-baseline/astrbot_ex/core/actions/dispatcher.py", line 554 in _persist
  File "/tmp/astrex_integration_20261002/upstream-baseline/astrbot_ex/core/actions/dispatcher.py", line 689 in _plugin_report
  File "/tmp/astrex_integration_20261002/upstream-baseline/astrbot_ex/core/actions/dispatcher.py", line 678 in <lambda>
  File "/tmp/astrex_integration_20261002/upstream-baseline/astrbot_ex/core/actions/dispatcher.py", line 884 in _work
  File "/usr/lib/python3.12/threading.py", line 1010 in run
  File "/usr/lib/python3.12/threading.py", line 1073 in _bootstrap_inner
  File "/usr/lib/python3.12/threading.py", line 1030 in _bootstrap

Thread 0x000074dd2744a6c0 (most recent call first):
  File "/tmp/astrex_integration_20261002/fuzz_diagnostic.py", line 8 in commit
  File "/tmp/astrex_integration_20261002/upstream-baseline/astrbot_ex/core/actions/ledger.py", line 435 in work
  File "/tmp/astrex_integration_20261002/upstream-baseline/astrbot_ex/core/actions/ledger.py", line 157 in _run
  File "/usr/lib/python3.12/threading.py", line 1010 in run
  File "/usr/lib/python3.12/threading.py", line 1073 in _bootstrap_inner
  File "/usr/lib/python3.12/threading.py", line 1030 in _bootstrap

Thread 0x000074dd2948f080 (most recent call first):
  File "/usr/lib/python3.12/threading.py", line 1167 in _wait_for_tstate_lock
  File "/usr/lib/python3.12/threading.py", line 1151 in join
  File "/tmp/astrex_integration_20261002/upstream-baseline/astrbot_ex/core/actions/dispatcher.py", line 902 in close
  File "/tmp/astrex_integration_20261002/upstream-baseline/tests/test_action_dispatcher.py", line 113 in close
  File "/usr/lib/python3.12/unittest/case.py", line 597 in _callCleanup
  File "/usr/lib/python3.12/unittest/case.py", line 671 in doCleanups
  File "/usr/lib/python3.12/unittest/case.py", line 638 in run
  File "/usr/lib/python3.12/unittest/case.py", line 690 in __call__
  File "/usr/lib/python3.12/unittest/suite.py", line 122 in run
  File "/usr/lib/python3.12/unittest/suite.py", line 84 in __call__
  File "/usr/lib/python3.12/unittest/runner.py", line 240 in run
  File "/tmp/astrex_integration_20261002/fuzz_diagnostic.py", line 23 in <module>
test_1000_real_dispatcher_state_sequences_with_resources_and_rearm (tests.test_action_dispatcher.DispatcherTests.test_1000_real_dispatcher_state_sequences_with_resources_and_rearm) ... ERROR

======================================================================
ERROR: test_1000_real_dispatcher_state_sequences_with_resources_and_rearm (tests.test_action_dispatcher.DispatcherTests.test_1000_real_dispatcher_state_sequences_with_resources_and_rearm)
----------------------------------------------------------------------
Traceback (most recent call last):
  File "/tmp/astrex_integration_20261002/upstream-baseline/tests/test_action_dispatcher.py", line 557, in test_1000_real_dispatcher_state_sequences_with_resources_and_rearm
    running = self.dispatcher.report(cid, binding[owner], ActionStatus.RUNNING).result(10)
              ^^^^^^^^^^^^^^^^^^^^^^^^^^^^^^^^^^^^^^^^^^^^^^^^^^^^^^^^^^^^^^^^^^^^^^^^^^^^
  File "/usr/lib/python3.12/concurrent/futures/_base.py", line 458, in result
    raise TimeoutError()
TimeoutError

======================================================================
ERROR: test_1000_real_dispatcher_state_sequences_with_resources_and_rearm (tests.test_action_dispatcher.DispatcherTests.test_1000_real_dispatcher_state_sequences_with_resources_and_rearm)
----------------------------------------------------------------------
Traceback (most recent call last):
  File "/tmp/astrex_integration_20261002/upstream-baseline/tests/test_action_dispatcher.py", line 113, in close
    self.dispatcher.close()
  File "/tmp/astrex_integration_20261002/upstream-baseline/astrbot_ex/core/actions/dispatcher.py", line 906, in close
    raise TimeoutError("dispatcher did not drain")
TimeoutError: dispatcher did not drain

----------------------------------------------------------------------
Ran 1 test in 20.554s

FAILED (errors=2)
